2025-04-04 05:56:37.434073 - Received CBT.V508.FILE200.PDS from FILE200.XMI 
2025-04-04 05:56:37.435428 - Found $$$#DATE.txt (text/plain) in CBT.V508.FILE200.PDS, moved to PDS/$$$#DATE
2025-04-04 05:56:37.435615 - Found $DOC.txt (text/plain) in CBT.V508.FILE200.PDS, moved to PDS/$DOC
2025-04-04 05:56:37.435759 - Found $DOC1.txt (text/plain) in CBT.V508.FILE200.PDS, moved to PDS/$DOC1
2025-04-04 05:56:37.435887 - Found @FILE200.txt (text/plain) in CBT.V508.FILE200.PDS, moved to PDS/@FILE200
2025-04-04 05:56:37.436003 - Found CENTER.txt (text/plain) in CBT.V508.FILE200.PDS, moved to PDS/CENTER
2025-04-04 05:56:37.436124 - Found COBFMT.txt (text/plain) in CBT.V508.FILE200.PDS, moved to PDS/COBFMT
2025-04-04 05:56:37.436249 - Found COBFMT#.jcl (text/plain) in CBT.V508.FILE200.PDS, moved to PDS/COBFMT#
2025-04-04 05:56:37.436378 - Found COBREAD.txt (text/plain) in CBT.V508.FILE200.PDS, moved to PDS/COBREAD
2025-04-04 05:56:37.436493 - Found COBREAD#.jcl (text/plain) in CBT.V508.FILE200.PDS, moved to PDS/COBREAD#
2025-04-04 05:56:37.436612 - Found COBRJCL.jcl (text/plain) in CBT.V508.FILE200.PDS, moved to PDS/COBRJCL
2025-04-04 05:56:37.436739 - Found COMPARE.txt (text/plain) in CBT.V508.FILE200.PDS, moved to PDS/COMPARE
2025-04-04 05:56:37.436853 - Found COMPDS.txt (text/plain) in CBT.V508.FILE200.PDS, moved to PDS/COMPDS
2025-04-04 05:56:37.437062 - Found COMPTBL.txt (text/plain) in CBT.V508.FILE200.PDS, moved to PDS/COMPTBL
2025-04-04 05:56:37.437182 - Found CPUID.txt (text/plain) in CBT.V508.FILE200.PDS, moved to PDS/CPUID
2025-04-04 05:56:37.437309 - Found CPUID$.jcl (text/plain) in CBT.V508.FILE200.PDS, moved to PDS/CPUID$
2025-04-04 05:56:37.437434 - Found CPUIDX.rexx (text/plain) in CBT.V508.FILE200.PDS, moved to PDS/CPUIDX
2025-04-04 05:56:37.437626 - Found PRTTBL.txt (text/plain) in CBT.V508.FILE200.PDS, moved to PDS/PRTTBL
2025-04-04 05:56:37.437749 - Found RETRN.txt (text/plain) in CBT.V508.FILE200.PDS, moved to PDS/RETRN
2025-04-04 05:56:37.437864 - Found SYMREGS.txt (text/plain) in CBT.V508.FILE200.PDS, moved to PDS/SYMREGS
2025-04-04 05:56:37.438128 - Found WHATSNE$.jcl (text/plain) in CBT.V508.FILE200.PDS, moved to PDS/WHATSNE$
2025-04-04 05:56:37.438242 - Found WHATSNE#.jcl (text/plain) in CBT.V508.FILE200.PDS, moved to PDS/WHATSNE#
2025-04-04 05:56:37.438368 - Found WHATSNEO.txt (text/plain) in CBT.V508.FILE200.PDS, moved to PDS/WHATSNEO
2025-04-04 05:56:37.438482 - Found WHATSNEW.txt (text/plain) in CBT.V508.FILE200.PDS, moved to PDS/WHATSNEW
2025-04-04 05:56:37.438597 - Found WHEREUS$.jcl (text/plain) in CBT.V508.FILE200.PDS, moved to PDS/WHEREUS$
2025-04-04 05:56:37.438714 - Found WHEREUS#.jcl (text/plain) in CBT.V508.FILE200.PDS, moved to PDS/WHEREUS#
2025-04-04 05:56:37.438835 - Found WHEREUSD.txt (text/plain) in CBT.V508.FILE200.PDS, moved to PDS/WHEREUSD
2025-04-04 05:56:37.438942 - Found XREFGJCL.jcl (text/plain) in CBT.V508.FILE200.PDS, moved to PDS/XREFGJCL
2025-04-04 05:56:37.439048 - Found XREFJCL.jcl (text/plain) in CBT.V508.FILE200.PDS, moved to PDS/XREFJCL
2025-04-04 05:56:37.439156 - Found XREF1.txt (text/plain) in CBT.V508.FILE200.PDS, moved to PDS/XREF1
2025-04-04 05:56:37.439286 - Found XREF2.txt (text/plain) in CBT.V508.FILE200.PDS, moved to PDS/XREF2
